Archive member included to satisfy reference by file (symbol)

f:/installed_sw/7.0/toolchain/arm/arm-gnu-toolchain/bin/../lib/gcc/arm-none-eabi/6.3.1/thumb/v8-m.base\libgcc.a(_aeabi_uldivmod.o)
                              hpl/sercom/hpl_sercom.o (__aeabi_uldivmod)
f:/installed_sw/7.0/toolchain/arm/arm-gnu-toolchain/bin/../lib/gcc/arm-none-eabi/6.3.1/thumb/v8-m.base\libgcc.a(_muldi3.o)
                              hpl/sercom/hpl_sercom.o (__aeabi_lmul)
f:/installed_sw/7.0/toolchain/arm/arm-gnu-toolchain/bin/../lib/gcc/arm-none-eabi/6.3.1/thumb/v8-m.base\libgcc.a(_fixunsdfsi.o)
                              hpl/sercom/hpl_sercom.o (__aeabi_d2uiz)
f:/installed_sw/7.0/toolchain/arm/arm-gnu-toolchain/bin/../lib/gcc/arm-none-eabi/6.3.1/thumb/v8-m.base\libgcc.a(_udivmoddi4.o)
                              f:/installed_sw/7.0/toolchain/arm/arm-gnu-toolchain/bin/../lib/gcc/arm-none-eabi/6.3.1/thumb/v8-m.base\libgcc.a(_aeabi_uldivmod.o) (__udivmoddi4)
f:/installed_sw/7.0/toolchain/arm/arm-gnu-toolchain/bin/../lib/gcc/arm-none-eabi/6.3.1/thumb/v8-m.base\libgcc.a(divdf3.o)
                              hpl/sercom/hpl_sercom.o (__aeabi_ddiv)
f:/installed_sw/7.0/toolchain/arm/arm-gnu-toolchain/bin/../lib/gcc/arm-none-eabi/6.3.1/thumb/v8-m.base\libgcc.a(muldf3.o)
                              hpl/sercom/hpl_sercom.o (__aeabi_dmul)
f:/installed_sw/7.0/toolchain/arm/arm-gnu-toolchain/bin/../lib/gcc/arm-none-eabi/6.3.1/thumb/v8-m.base\libgcc.a(subdf3.o)
                              hpl/sercom/hpl_sercom.o (__aeabi_dsub)
f:/installed_sw/7.0/toolchain/arm/arm-gnu-toolchain/bin/../lib/gcc/arm-none-eabi/6.3.1/thumb/v8-m.base\libgcc.a(fixdfsi.o)
                              f:/installed_sw/7.0/toolchain/arm/arm-gnu-toolchain/bin/../lib/gcc/arm-none-eabi/6.3.1/thumb/v8-m.base\libgcc.a(_fixunsdfsi.o) (__aeabi_d2iz)
f:/installed_sw/7.0/toolchain/arm/arm-gnu-toolchain/bin/../lib/gcc/arm-none-eabi/6.3.1/thumb/v8-m.base\libgcc.a(floatsidf.o)
                              hpl/sercom/hpl_sercom.o (__aeabi_i2d)
f:/installed_sw/7.0/toolchain/arm/arm-gnu-toolchain/bin/../lib/gcc/arm-none-eabi/6.3.1/thumb/v8-m.base\libgcc.a(floatunsidf.o)
                              hpl/sercom/hpl_sercom.o (__aeabi_ui2d)
f:/installed_sw/7.0/toolchain/arm/arm-gnu-toolchain/bin/../lib/gcc/arm-none-eabi/6.3.1/thumb/v8-m.base\libgcc.a(_dvmd_tls.o)
                              f:/installed_sw/7.0/toolchain/arm/arm-gnu-toolchain/bin/../lib/gcc/arm-none-eabi/6.3.1/thumb/v8-m.base\libgcc.a(_aeabi_uldivmod.o) (__aeabi_ldiv0)
f:/installed_sw/7.0/toolchain/arm/arm-gnu-toolchain/bin/../lib/gcc/arm-none-eabi/6.3.1/thumb/v8-m.base\libgcc.a(_arm_cmpdf2.o)
                              f:/installed_sw/7.0/toolchain/arm/arm-gnu-toolchain/bin/../lib/gcc/arm-none-eabi/6.3.1/thumb/v8-m.base\libgcc.a(_fixunsdfsi.o) (__aeabi_dcmpge)
f:/installed_sw/7.0/toolchain/arm/arm-gnu-toolchain/bin/../lib/gcc/arm-none-eabi/6.3.1/thumb/v8-m.base\libgcc.a(_clzsi2.o)
                              f:/installed_sw/7.0/toolchain/arm/arm-gnu-toolchain/bin/../lib/gcc/arm-none-eabi/6.3.1/thumb/v8-m.base\libgcc.a(_udivmoddi4.o) (__clzsi2)
f:/installed_sw/7.0/toolchain/arm/arm-gnu-toolchain/bin/../lib/gcc/arm-none-eabi/6.3.1/thumb/v8-m.base\libgcc.a(eqdf2.o)
                              f:/installed_sw/7.0/toolchain/arm/arm-gnu-toolchain/bin/../lib/gcc/arm-none-eabi/6.3.1/thumb/v8-m.base\libgcc.a(_arm_cmpdf2.o) (__eqdf2)
f:/installed_sw/7.0/toolchain/arm/arm-gnu-toolchain/bin/../lib/gcc/arm-none-eabi/6.3.1/thumb/v8-m.base\libgcc.a(gedf2.o)
                              f:/installed_sw/7.0/toolchain/arm/arm-gnu-toolchain/bin/../lib/gcc/arm-none-eabi/6.3.1/thumb/v8-m.base\libgcc.a(_arm_cmpdf2.o) (__gedf2)
f:/installed_sw/7.0/toolchain/arm/arm-gnu-toolchain/bin/../lib/gcc/arm-none-eabi/6.3.1/thumb/v8-m.base\libgcc.a(ledf2.o)
                              f:/installed_sw/7.0/toolchain/arm/arm-gnu-toolchain/bin/../lib/gcc/arm-none-eabi/6.3.1/thumb/v8-m.base\libgcc.a(_arm_cmpdf2.o) (__ledf2)
f:/installed_sw/7.0/toolchain/arm/arm-gnu-toolchain/bin/../lib/gcc/arm-none-eabi/6.3.1/../../../../arm-none-eabi/lib/thumb/v8-m.base\libc_nano.a(lib_a-exit.o)
                              f:/installed_sw/7.0/toolchain/arm/arm-gnu-toolchain/bin/../lib/gcc/arm-none-eabi/6.3.1/../../../../arm-none-eabi/lib/thumb/v8-m.base/crt0.o (exit)
f:/installed_sw/7.0/toolchain/arm/arm-gnu-toolchain/bin/../lib/gcc/arm-none-eabi/6.3.1/../../../../arm-none-eabi/lib/thumb/v8-m.base\libc_nano.a(lib_a-impure.o)
                              f:/installed_sw/7.0/toolchain/arm/arm-gnu-toolchain/bin/../lib/gcc/arm-none-eabi/6.3.1/../../../../arm-none-eabi/lib/thumb/v8-m.base\libc_nano.a(lib_a-exit.o) (_global_impure_ptr)
f:/installed_sw/7.0/toolchain/arm/arm-gnu-toolchain/bin/../lib/gcc/arm-none-eabi/6.3.1/../../../../arm-none-eabi/lib/thumb/v8-m.base\libc_nano.a(lib_a-init.o)
[...]
Memory Configuration

Name             Origin             Length             Attributes
rom              0x00000000         0x0000fb00         xr
rom_nsc          0x0000fb00         0x00000400         xr
ram              0x20000000         0x00003f80         xrw
userrow          0x00804000         0x00000100         rw
*default*        0x00000000         0xffffffff

Linker script and memory map

LOAD f:/installed_sw/7.0/toolchain/arm/arm-gnu-toolchain/bin/../lib/gcc/arm-none-eabi/6.3.1/thumb/v8-m.base/crti.o
LOAD f:/installed_sw/7.0/toolchain/arm/arm-gnu-toolchain/bin/../lib/gcc/arm-none-eabi/6.3.1/thumb/v8-m.base/crtbegin.o
LOAD f:/installed_sw/7.0/toolchain/arm/arm-gnu-toolchain/bin/../lib/gcc/arm-none-eabi/6.3.1/../../../../arm-none-eabi/lib/thumb/v8-m.base/crt0.o
LOAD atmel_start.o
LOAD cryptoauthlib/lib/atcacert/atcacert_client.o
LOAD cryptoauthlib/lib/atcacert/atcacert_date.o
LOAD cryptoauthlib/lib/atcacert/atcacert_def.o
LOAD cryptoauthlib/lib/atcacert/atcacert_der.o
LOAD cryptoauthlib/lib/atcacert/atcacert_host_hw.o
LOAD cryptoauthlib/lib/atcacert/atcacert_host_sw.o
LOAD cryptoauthlib/lib/atca_cfgs.o
LOAD cryptoauthlib/lib/atca_command.o
LOAD cryptoauthlib/lib/atca_device.o
LOAD cryptoauthlib/lib/atca_execution.o
LOAD cryptoauthlib/lib/atca_iface.o
LOAD cryptoauthlib/lib/basic/atca_basic.o
LOAD cryptoauthlib/lib/basic/atca_basic_aes.o
LOAD cryptoauthlib/lib/basic/atca_basic_aes_cbc.o
LOAD cryptoauthlib/lib/basic/atca_basic_aes_cmac.o
LOAD cryptoauthlib/lib/basic/atca_basic_aes_ctr.o
LOAD cryptoauthlib/lib/basic/atca_basic_aes_gcm.o
LOAD cryptoauthlib/lib/basic/atca_basic_checkmac.o
LOAD cryptoauthlib/lib/basic/atca_basic_counter.o
LOAD cryptoauthlib/lib/basic/atca_basic_derivekey.o
LOAD cryptoauthlib/lib/basic/atca_basic_ecdh.o
LOAD cryptoauthlib/lib/basic/atca_basic_gendig.o
LOAD cryptoauthlib/lib/basic/atca_basic_genkey.o
LOAD cryptoauthlib/lib/basic/atca_basic_hmac.o
LOAD cryptoauthlib/lib/basic/atca_basic_info.o
LOAD cryptoauthlib/lib/basic/atca_basic_kdf.o
LOAD cryptoauthlib/lib/basic/atca_basic_lock.o
LOAD cryptoauthlib/lib/basic/atca_basic_mac.o
LOAD cryptoauthlib/lib/basic/atca_basic_nonce.o
LOAD cryptoauthlib/lib/basic/atca_basic_privwrite.o
LOAD cryptoauthlib/lib/basic/atca_basic_random.o
LOAD cryptoauthlib/lib/basic/atca_basic_read.o
LOAD cryptoauthlib/lib/basic/atca_basic_secureboot.o
LOAD cryptoauthlib/lib/basic/atca_basic_selftest.o
LOAD cryptoauthlib/lib/basic/atca_basic_sha.o
LOAD cryptoauthlib/lib/basic/atca_basic_sign.o
LOAD cryptoauthlib/lib/basic/atca_basic_updateextra.o
LOAD cryptoauthlib/lib/basic/atca_basic_verify.o
LOAD cryptoauthlib/lib/basic/atca_basic_write.o
LOAD cryptoauthlib/lib/basic/atca_helpers.o
LOAD cryptoauthlib/lib/crypto/atca_crypto_sw_ecdsa.o
LOAD cryptoauthlib/lib/crypto/atca_crypto_sw_rand.o
LOAD cryptoauthlib/lib/crypto/atca_crypto_sw_sha1.o
LOAD cryptoauthlib/lib/crypto/atca_crypto_sw_sha2.o
LOAD cryptoauthlib/lib/crypto/hashes/sha1_routines.o
LOAD cryptoauthlib/lib/crypto/hashes/sha2_routines.o
LOAD cryptoauthlib/lib/hal/atca_hal.o
LOAD cryptoauthlib/lib/hal/hal_sam_i2c_start.o
LOAD cryptoauthlib/lib/hal/hal_sam_timer_start.o
LOAD cryptoauthlib/lib/host/atca_host.o
LOAD cryptoauthlib/lib/jwt/atca_jwt.o
LOAD cryptoauthlib_main.o
LOAD Device_Startup/startup_saml11e16a.o
LOAD Device_Startup/system_saml11e16a.o
LOAD driver_init.o
LOAD examples/driver_examples.o
LOAD hal/src/hal_atomic.o
LOAD hal/src/hal_delay.o
LOAD hal/src/hal_gpio.o
LOAD hal/src/hal_i2c_m_sync.o
LOAD hal/src/hal_init.o
LOAD hal/src/hal_io.o
LOAD hal/src/hal_sleep.o
LOAD hal/utils/src/utils_assert.o
LOAD hal/utils/src/utils_event.o
LOAD hal/utils/src/utils_list.o
LOAD hal/utils/src/utils_syscalls.o
LOAD hpl/core/hpl_core_m23_base.o
LOAD hpl/core/hpl_init.o
LOAD hpl/dmac/hpl_dmac.o
LOAD hpl/gclk/hpl_gclk.o
LOAD hpl/mclk/hpl_mclk.o
LOAD hpl/osc32kctrl/hpl_osc32kctrl.o
LOAD hpl/oscctrl/hpl_oscctrl.o
LOAD hpl/pm/hpl_pm.o
LOAD hpl/sercom/hpl_sercom.o
LOAD main.o
LOAD trustzone/trustzone_manager.o
LOAD trustzone/trustzone_veneer.o
START GROUP
LOAD f:/installed_sw/7.0/toolchain/arm/arm-gnu-toolchain/bin/../lib/gcc/arm-none-eabi/6.3.1/../../../../arm-none-eabi/lib/thumb/v8-m.base\libm.a
END GROUP
START GROUP
LOAD f:/installed_sw/7.0/toolchain/arm/arm-gnu-toolchain/bin/../lib/gcc/arm-none-eabi/6.3.1/thumb/v8-m.base\libgcc.a
LOAD f:/installed_sw/7.0/toolchain/arm/arm-gnu-toolchain/bin/../lib/gcc/arm-none-eabi/6.3.1/../../../../arm-none-eabi/lib/thumb/v8-m.base\libc_nano.a
END GROUP
START GROUP
LOAD f:/installed_sw/7.0/toolchain/arm/arm-gnu-toolchain/bin/../lib/gcc/arm-none-eabi/6.3.1/thumb/v8-m.base\libgcc.a
LOAD f:/installed_sw/7.0/toolchain/arm/arm-gnu-toolchain/bin/../lib/gcc/arm-none-eabi/6.3.1/../../../../arm-none-eabi/lib/thumb/v8-m.base\libc_nano.a
END GROUP
LOAD f:/installed_sw/7.0/toolchain/arm/arm-gnu-toolchain/bin/../lib/gcc/arm-none-eabi/6.3.1/thumb/v8-m.base/crtend.o
LOAD f:/installed_sw/7.0/toolchain/arm/arm-gnu-toolchain/bin/../lib/gcc/arm-none-eabi/6.3.1/thumb/v8-m.base/crtn.o
                0x00000400                STACK_SIZE = DEFINED (STACK_SIZE)?STACK_SIZE:DEFINED (__stack_size__)?__stack_size__:0x400
                0x00000200                HEAP_SIZE = DEFINED (HEAP_SIZE)?HEAP_SIZE:DEFINED (__heap_size__)?__heap_size__:0x200

.text           0x00000000     0x3b30
                0x00000000                . = ALIGN (0x4)
                0x00000000                _sfixed = .
 *(.vectors .vectors.*)
 .vectors       0x00000000       0xf4 Device_Startup/startup_saml11e16a.o
                0x00000000                exception_table
 *trustzone_veneer.o(.text.*)
 .text.nsc_periph_clock_init
                0x000000f4       0x32 trustzone/trustzone_veneer.o
                0x000000f4                __acle_se_nsc_periph_clock_init
 .text.nsc_ext_irq_init
                0x00000126       0xec trustzone/trustzone_veneer.o
                0x00000126                __acle_se_nsc_ext_irq_init
 *(.text .text.* .gnu.linkonce.t.*)
 *fill*         0x00000212        0x2 
 .text          0x00000214       0x6c f:/installed_sw/7.0/toolchain/arm/arm-gnu-toolchain/bin/../lib/gcc/arm-none-eabi/6.3.1/thumb/v8-m.base/crtbegin.o
 .text.initATCACommand
                0x00000280       0x10 cryptoauthlib/lib/atca_command.o
                0x00000280                initATCACommand
 .text.atCRC    0x00000290       0x68 cryptoauthlib/lib/atca_command.o
                0x00000290                atCRC
 .text.atCalcCrc
                0x000002f8       0x18 cryptoauthlib/lib/atca_command.o
                0x000002f8                atCalcCrc
 .text.atRandom
                0x00000310       0x1a cryptoauthlib/lib/atca_command.o
                0x00000310                atRandom
 .text.atRead   0x0000032a       0x1a cryptoauthlib/lib/atca_command.o
                0x0000032a                atRead
 .text.atSHA    0x00000344       0x48 cryptoauthlib/lib/atca_command.o
                0x00000344                atSHA
 .text.atVerify
                0x0000038c       0x44 cryptoauthlib/lib/atca_command.o
                0x0000038c                atVerify
 .text.atCheckCrc
                0x000003d0       0x3c cryptoauthlib/lib/atca_command.o
                0x000003d0                atCheckCrc
 .text.isATCAError
                0x0000040c       0x60 cryptoauthlib/lib/atca_command.o
                0x0000040c                isATCAError
 .text.initATCADevice
                0x0000046c       0x3e cryptoauthlib/lib/atca_device.o
                0x0000046c                initATCADevice
 .text.releaseATCADevice
                0x000004aa       0x16 cryptoauthlib/lib/atca_device.o
                0x000004aa                releaseATCADevice
 .text.atGetExecTime
                0x000004c0       0xba cryptoauthlib/lib/atca_execution.o
                0x000004c0                atGetExecTime
 .text.atca_execute_command
                0x0000057a       0xc6 cryptoauthlib/lib/atca_execution.o
                0x0000057a                atca_execute_command
 .text.atsend   0x00000640        0x8 cryptoauthlib/lib/atca_iface.o
                0x00000640                atsend
 .text.atreceive
                0x00000648        0x8 cryptoauthlib/lib/atca_iface.o
                0x00000648                atreceive
 .text.atwake   0x00000650       0x22 cryptoauthlib/lib/atca_iface.o
                0x00000650                atwake
 .text.atidle   0x00000672       0x18 cryptoauthlib/lib/atca_iface.o
                0x00000672                atidle
 .text.atgetifacecfg
                0x0000068a        0x4 cryptoauthlib/lib/atca_iface.o
                0x0000068a                atgetifacecfg
 .text.releaseATCAIface
                0x0000068e       0x18 cryptoauthlib/lib/atca_iface.o
                0x0000068e                releaseATCAIface
 .text._atinit  0x000006a6       0x36 cryptoauthlib/lib/atca_iface.o
                0x000006a6                _atinit
 .text.atinit   0x000006dc       0x2c cryptoauthlib/lib/atca_iface.o
                0x000006dc                atinit
 .text.initATCAIface
                0x00000708       0x24 cryptoauthlib/lib/atca_iface.o
                0x00000708                initATCAIface
 .text.atcab_release
                0x0000072c       0x26 cryptoauthlib/lib/basic/atca_basic.o
                0x0000072c                atcab_release
 .text.atcab_init
                0x00000752       0x92 cryptoauthlib/lib/basic/atca_basic.o
                0x00000752                atcab_init
 .text.atcab_get_addr
                0x000007e4       0x40 cryptoauthlib/lib/basic/atca_basic.o
                0x000007e4                atcab_get_addr
 .text.atcab_get_zone_size
                0x00000824       0x84 cryptoauthlib/lib/basic/atca_basic.o
                0x00000824                atcab_get_zone_size
 .text.atcab_random
                0x000008a8       0x70 cryptoauthlib/lib/basic/atca_basic_random.o
                0x000008a8                atcab_random
 .text.atcab_read_zone
                0x00000918       0xca cryptoauthlib/lib/basic/atca_basic_read.o
                0x00000918                atcab_read_zone
 .text.atcab_read_serial_number
                0x000009e2       0x48 cryptoauthlib/lib/basic/atca_basic_read.o
                0x000009e2                atcab_read_serial_number
 .text.atcab_read_bytes_zone
                0x00000a2a      0x118 cryptoauthlib/lib/basic/atca_basic_read.o
                0x00000a2a                atcab_read_bytes_zone
 .text.atcab_sha_base
                0x00000b42       0xd4 cryptoauthlib/lib/basic/atca_basic_sha.o
                0x00000b42                atcab_sha_base
 .text.atcab_sha_start
                0x00000c16       0x1c cryptoauthlib/lib/basic/atca_basic_sha.o
                0x00000c16                atcab_sha_start
 .text.atcab_sha_update
                0x00000c32       0x1c cryptoauthlib/lib/basic/atca_basic_sha.o
                0x00000c32                atcab_sha_update
 .text.atcab_sha_end
                0x00000c4e       0x20 cryptoauthlib/lib/basic/atca_basic_sha.o
                0x00000c4e                atcab_sha_end
 .text.atcab_hw_sha2_256_init
                0x00000c6e       0x1c cryptoauthlib/lib/basic/atca_basic_sha.o
                0x00000c6e                atcab_hw_sha2_256_init
 .text.atcab_hw_sha2_256_update
                0x00000c8a       0xc2 cryptoauthlib/lib/basic/atca_basic_sha.o
                0x00000c8a                atcab_hw_sha2_256_update
 .text.atcab_hw_sha2_256_finish
                0x00000d4c       0xba cryptoauthlib/lib/basic/atca_basic_sha.o
                0x00000d4c                atcab_hw_sha2_256_finish
 .text.atcab_hw_sha2_256
                0x00000e06       0x40 cryptoauthlib/lib/basic/atca_basic_sha.o
                0x00000e06                atcab_hw_sha2_256
 .text.atcab_sha
                0x00000e46       0x14 cryptoauthlib/lib/basic/atca_basic_sha.o
                0x00000e46                atcab_sha
 .text.hal_iface_init
                0x00000e5a       0x60 cryptoauthlib/lib/hal/atca_hal.o
                0x00000e5a                hal_iface_init
 .text.hal_iface_release
                0x00000eba       0x16 cryptoauthlib/lib/hal/atca_hal.o
                0x00000eba                hal_iface_release
 .text.hal_check_wake
                0x00000ed0       0x54 cryptoauthlib/lib/hal/atca_hal.o
                0x00000ed0                hal_check_wake
 .text.hal_i2c_init
                0x00000f24       0x82 cryptoauthlib/lib/hal/hal_sam_i2c_start.o
                0x00000f24                hal_i2c_init
 .text.hal_i2c_post_init
                0x00000fa6        0x4 cryptoauthlib/lib/hal/hal_sam_i2c_start.o
                0x00000fa6                hal_i2c_post_init
 *fill*         0x00000faa        0x2 
 .text.hal_i2c_send
                0x00000fac       0x70 cryptoauthlib/lib/hal/hal_sam_i2c_start.o
                0x00000fac                hal_i2c_send
 .text.hal_i2c_receive
                0x0000101c       0xd8 cryptoauthlib/lib/hal/hal_sam_i2c_start.o
                0x0000101c                hal_i2c_receive
 .text.change_i2c_speed
                0x000010f4       0x76 cryptoauthlib/lib/hal/hal_sam_i2c_start.o
                0x000010f4                change_i2c_speed
 *fill*         0x0000116a        0x2 
 .text.hal_i2c_wake
                0x0000116c       0xf4 cryptoauthlib/lib/hal/hal_sam_i2c_start.o
                0x0000116c                hal_i2c_wake
 .text.hal_i2c_idle
                0x00001260       0x5c cryptoauthlib/lib/hal/hal_sam_i2c_start.o
                0x00001260                hal_i2c_idle
 .text.hal_i2c_sleep
                0x000012bc       0x58 cryptoauthlib/lib/hal/hal_sam_i2c_start.o
                0x000012bc                hal_i2c_sleep
 .text.hal_i2c_release
                0x00001314       0x24 cryptoauthlib/lib/hal/hal_sam_i2c_start.o
                0x00001314                hal_i2c_release
 .text.atca_delay_ms
                0x00001338       0x10 cryptoauthlib/lib/hal/hal_sam_timer_start.o
                0x00001338                atca_delay_ms
 .text.Dummy_Handler
                0x00001348        0x2 Device_Startup/startup_saml11e16a.o
                0x00001348                SVCall_Handler
                0x00001348                SERCOM0_2_Handler
                0x00001348                EVSYS_0_Handler
                0x00001348                TRNG_Handler
                0x00001348                HardFault_Handler
                0x00001348                ADC_RESRDY_Handler
                0x00001348                TC2_Handler
                0x00001348                AC_Handler
                0x00001348                DMAC_OTHER_Handler
                0x00001348                SysTick_Handler
                0x00001348                PendSV_Handler
                0x00001348                EVSYS_3_Handler
                0x00001348                NonMaskableInt_Handler
                0x00001348                SERCOM0_OTHER_Handler
                0x00001348                EIC_3_Handler
                0x00001348                SERCOM0_0_Handler
                0x00001348                RTC_Handler
                0x00001348                SERCOM1_OTHER_Handler
                0x00001348                EVSYS_1_Handler
                0x00001348                DMAC_0_Handler
                0x00001348                WDT_Handler
                0x00001348                TRAM_Handler
                0x00001348                EVSYS_NSCHK_Handler
                0x00001348                TC1_Handler
                0x00001348                DAC_EMPTY_Handler
                0x00001348                PAC_Handler
                0x00001348                EIC_0_Handler
                0x00001348                Dummy_Handler
                0x00001348                DMAC_2_Handler
                0x00001348                SERCOM0_1_Handler
                0x00001348                DMAC_1_Handler
                0x00001348                SERCOM1_1_Handler
                0x00001348                EIC_2_Handler
                0x00001348                NVMCTRL_Handler
                0x00001348                PORT_Handler
                0x00001348                SYSTEM_Handler
                0x00001348                SERCOM1_0_Handler
                0x00001348                SERCOM2_1_Handler
                0x00001348                SERCOM1_2_Handler
                0x00001348                EIC_1_Handler
                0x00001348                SERCOM2_2_Handler
                0x00001348                PTC_Handler
                0x00001348                EVSYS_2_Handler
                0x00001348                SERCOM2_OTHER_Handler
                0x00001348                FREQM_Handler
                0x00001348                DAC_UNDERRUN_A_Handler
                0x00001348                TC0_Handler
                0x00001348                EIC_OTHER_Handler
                0x00001348                ADC_OTHER_Handler
                0x00001348                DMAC_3_Handler
                0x00001348                SERCOM2_0_Handler
 *fill*         0x0000134a        0x2 
 .text.Reset_Handler
                0x0000134c       0xc4 Device_Startup/startup_saml11e16a.o
                0x0000134c                Reset_Handler
 .text.Interface_PORT_init
                0x00001410       0x50 driver_init.o
                0x00001410                Interface_PORT_init
 .text.Interface_CLOCK_init
                0x00001460       0x26 driver_init.o
                0x00001460                Interface_CLOCK_init
 .text.Interface_init
                0x00001486       0x32 driver_init.o
                0x00001486                Interface_init
 .text.system_init
                0x000014b8       0x18 driver_init.o
                0x000014b8                system_init
 .text.delay_us
                0x000014d0       0x26 hal/src/hal_delay.o
                0x000014d0                delay_us
 .text.delay_ms
                0x000014f6       0x26 hal/src/hal_delay.o
                0x000014f6                delay_ms
 .text.i2c_m_sync_write
                0x0000151c       0x30 hal/src/hal_i2c_m_sync.o
 .text.i2c_m_sync_read
                0x0000154c       0x30 hal/src/hal_i2c_m_sync.o
 .text.i2c_m_sync_init
                0x0000157c       0x46 hal/src/hal_i2c_m_sync.o
                0x0000157c                i2c_m_sync_init
 .text.i2c_m_sync_enable
                0x000015c2        0xe hal/src/hal_i2c_m_sync.o
                0x000015c2                i2c_m_sync_enable
 .text.i2c_m_sync_disable
                0x000015d0        0xe hal/src/hal_i2c_m_sync.o
                0x000015d0                i2c_m_sync_disable
 .text.i2c_m_sync_set_baudrate
                0x000015de        0xe hal/src/hal_i2c_m_sync.o
                0x000015de                i2c_m_sync_set_baudrate
 .text.i2c_m_sync_transfer
                0x000015ec        0xe hal/src/hal_i2c_m_sync.o
                0x000015ec                i2c_m_sync_transfer
 .text.assert   0x000015fa        0x6 hal/utils/src/utils_assert.o
                0x000015fa                assert
 .text._get_cycles_for_us
                0x00001600       0x16 hpl/core/hpl_core_m23_base.o
                0x00001600                _get_cycles_for_us
 .text._get_cycles_for_ms
                0x00001616       0x18 hpl/core/hpl_core_m23_base.o
                0x00001616                _get_cycles_for_ms
 .text._delay_cycles
                0x0000162e        0x6 hpl/core/hpl_core_m23_base.o
                0x0000162e                _delay_cycles
 .text._init_chip
                0x00001634       0x50 hpl/core/hpl_init.o
                0x00001634                _init_chip
 .text._gclk_init_generators_by_fref
                0x00001684       0x28 hpl/gclk/hpl_gclk.o
                0x00001684                _gclk_init_generators_by_fref
 .text._mclk_init
                0x000016ac        0xe hpl/mclk/hpl_mclk.o
                0x000016ac                _mclk_init
 .text._osc32kctrl_init_sources
                0x000016ba       0x18 hpl/osc32kctrl/hpl_osc32kctrl.o
                0x000016ba                _osc32kctrl_init_sources
 .text._oscctrl_init_sources
                0x000016d2       0x2e hpl/oscctrl/hpl_oscctrl.o
                0x000016d2                _oscctrl_init_sources
 .text._oscctrl_init_referenced_generators
                0x00001700        0x2 hpl/oscctrl/hpl_oscctrl.o
                0x00001700                _oscctrl_init_referenced_generators
 .text._set_performance_level
                0x00001702       0x3a hpl/pm/hpl_pm.o
                0x00001702                _set_performance_level
 .text._sercom_get_hardware_index
                0x0000173c       0x3a hpl/sercom/hpl_sercom.o
 .text._get_i2cm_index
                0x00001776       0x2c hpl/sercom/hpl_sercom.o
 *fill*         0x000017a2        0x2 
 .text._i2c_m_sync_init_impl
                0x000017a4      0x100 hpl/sercom/hpl_sercom.o
 .text._i2c_m_sync_init
                0x000018a4       0x34 hpl/sercom/hpl_sercom.o
                0x000018a4                _i2c_m_sync_init
 .text._i2c_m_sync_enable
                0x000018d8       0x7e hpl/sercom/hpl_sercom.o
                0x000018d8                _i2c_m_sync_enable
 .text._i2c_m_sync_disable
                0x00001956       0x48 hpl/sercom/hpl_sercom.o
                0x00001956                _i2c_m_sync_disable
 *fill*         0x0000199e        0x2 
 .text._i2c_m_sync_set_baudrate
                0x000019a0      0x1c4 hpl/sercom/hpl_sercom.o
                0x000019a0                _i2c_m_sync_set_baudrate
 .text._i2c_m_sync_transfer
                0x00001b64      0x534 hpl/sercom/hpl_sercom.o
                0x00001b64                _i2c_m_sync_transfer
 .text.CRYPTO_AUTHENTICATION_INTERFACE_0_init
                0x00002098       0x16 main.o
                0x00002098                CRYPTO_AUTHENTICATION_INTERFACE_0_init
 *fill*         0x000020ae        0x2 
 .text.main     0x000020b0       0x80 main.o
                0x000020b0                main
 .text          0x00002130       0x3c f:/installed_sw/7.0/toolchain/arm/arm-gnu-toolchain/bin/../lib/gcc/arm-none-eabi/6.3.1/thumb/v8-m.base\libgcc.a(_fixunsdfsi.o)
                0x00002130                __aeabi_d2uiz
                0x00002130                __fixunsdfsi
 .text          0x0000216c      0x650 f:/installed_sw/7.0/toolchain/arm/arm-gnu-toolchain/bin/../lib/gcc/arm-none-eabi/6.3.1/thumb/v8-m.base\libgcc.a(divdf3.o)
                0x0000216c                __aeabi_ddiv
 .text          0x000027bc      0x510 f:/installed_sw/7.0/toolchain/arm/arm-gnu-toolchain/bin/../lib/gcc/arm-none-eabi/6.3.1/thumb/v8-m.base\libgcc.a(muldf3.o)
                0x000027bc                __aeabi_dmul
 .text          0x00002ccc      0x698 f:/installed_sw/7.0/toolchain/arm/arm-gnu-toolchain/bin/../lib/gcc/arm-none-eabi/6.3.1/thumb/v8-m.base\libgcc.a(subdf3.o)
                0x00002ccc                __aeabi_dsub
 .text          0x00003364       0x5c f:/installed_sw/7.0/toolchain/arm/arm-gnu-toolchain/bin/../lib/gcc/arm-none-eabi/6.3.1/thumb/v8-m.base\libgcc.a(fixdfsi.o)
                0x00003364                __aeabi_d2iz
 .text          0x000033c0       0x84 f:/installed_sw/7.0/toolchain/arm/arm-gnu-toolchain/bin/../lib/gcc/arm-none-eabi/6.3.1/thumb/v8-m.base\libgcc.a(floatsidf.o)
                0x000033c0                __aeabi_i2d
 .text          0x00003444       0x74 f:/installed_sw/7.0/toolchain/arm/arm-gnu-toolchain/bin/../lib/gcc/arm-none-eabi/6.3.1/thumb/v8-m.base\libgcc.a(floatunsidf.o)
                0x00003444                __aeabi_ui2d
 .text          0x000034b8       0x7c f:/installed_sw/7.0/toolchain/arm/arm-gnu-toolchain/bin/../lib/gcc/arm-none-eabi/6.3.1/thumb/v8-m.base\libgcc.a(_arm_cmpdf2.o)
                0x000034b8                __aeabi_cdrcmple
                0x000034c8                __aeabi_cdcmple
                0x000034c8                __aeabi_cdcmpeq
                0x000034d8                __aeabi_dcmpeq
                0x000034e4                __aeabi_dcmplt
                0x000034f8                __aeabi_dcmple
                0x0000350c                __aeabi_dcmpgt
                0x00003520                __aeabi_dcmpge
 .text          0x00003534       0x3c f:/installed_sw/7.0/toolchain/arm/arm-gnu-toolchain/bin/../lib/gcc/arm-none-eabi/6.3.1/thumb/v8-m.base\libgcc.a(_clzsi2.o)
                0x00003534                __clzsi2
 .text          0x00003570       0x78 f:/installed_sw/7.0/toolchain/arm/arm-gnu-toolchain/bin/../lib/gcc/arm-none-eabi/6.3.1/thumb/v8-m.base\libgcc.a(eqdf2.o)
                0x00003570                __nedf2
                0x00003570                __eqdf2
 .text          0x000035e8       0xc4 f:/installed_sw/7.0/toolchain/arm/arm-gnu-toolchain/bin/../lib/gcc/arm-none-eabi/6.3.1/thumb/v8-m.base\libgcc.a(gedf2.o)
                0x000035e8                __gedf2
                0x000035e8                __gtdf2
 .text          0x000036ac       0xc4 f:/installed_sw/7.0/toolchain/arm/arm-gnu-toolchain/bin/../lib/gcc/arm-none-eabi/6.3.1/thumb/v8-m.base\libgcc.a(ledf2.o)
                0x000036ac                __ledf2
                0x000036ac                __ltdf2
 .text.__libc_init_array
                0x00003770       0x50 f:/installed_sw/7.0/toolchain/arm/arm-gnu-toolchain/bin/../lib/gcc/arm-none-eabi/6.3.1/../../../../arm-none-eabi/lib/thumb/v8-m.base\libc_nano.a(lib_a-init.o)
                0x00003770                __libc_init_array
 .text.memcmp   0x000037c0       0x1e f:/installed_sw/7.0/toolchain/arm/arm-gnu-toolchain/bin/../lib/gcc/arm-none-eabi/6.3.1/../../../../arm-none-eabi/lib/thumb/v8-m.base\libc_nano.a(lib_a-memcmp.o)
                0x000037c0                memcmp
 .text.memcpy   0x000037de       0x12 f:/installed_sw/7.0/toolchain/arm/arm-gnu-toolchain/bin/../lib/gcc/arm-none-eabi/6.3.1/../../../../arm-none-eabi/lib/thumb/v8-m.base\libc_nano.a(lib_a-memcpy-stub.o)
                0x000037de                memcpy
 .text.memset   0x000037f0       0x10 f:/installed_sw/7.0/toolchain/arm/arm-gnu-toolchain/bin/../lib/gcc/arm-none-eabi/6.3.1/../../../../arm-none-eabi/lib/thumb/v8-m.base\libc_nano.a(lib_a-memset.o)
                0x000037f0                memset
 *(.glue_7t)
 .glue_7t       0x00003800        0x0 linker stubs
 *(.glue_7)
 .glue_7        0x00003800        0x0 linker stubs
 *(.rodata .rodata* .gnu.linkonce.r.*)
 .rodata        0x00003800       0x40 cryptoauthlib/lib/atca_command.o
 .rodata        0x00003840      0x1dc cryptoauthlib/lib/atca_execution.o
 .rodata        0x00003a1c        0x8 cryptoauthlib/lib/hal/atca_hal.o
 .rodata        0x00003a24        0xc cryptoauthlib/lib/hal/hal_sam_i2c_start.o
 .rodata.str1.4
                0x00003a30       0x1c hal/src/hal_i2c_m_sync.o
 .rodata        0x00003a4c       0x24 hpl/sercom/hpl_sercom.o
 .rodata.str1.4
                0x00003a70       0x1c hpl/sercom/hpl_sercom.o
                                 0x1b (size before relaxing)
 .rodata        0x00003a8c        0x4 main.o
 .rodata        0x00003a90       0x40 f:/installed_sw/7.0/toolchain/arm/arm-gnu-toolchain/bin/../lib/gcc/arm-none-eabi/6.3.1/thumb/v8-m.base\libgcc.a(divdf3.o)
 .rodata        0x00003ad0       0x40 f:/installed_sw/7.0/toolchain/arm/arm-gnu-toolchain/bin/../lib/gcc/arm-none-eabi/6.3.1/thumb/v8-m.base\libgcc.a(muldf3.o)
 *(.ARM.extab* .gnu.linkonce.armextab.*)
                0x00003b10                . = ALIGN (0x4)
 *(.init)
 .init          0x00003b10        0x4 f:/installed_sw/7.0/toolchain/arm/arm-gnu-toolchain/bin/../lib/gcc/arm-none-eabi/6.3.1/thumb/v8-m.base/crti.o
                0x00003b10                _init
 .init          0x00003b14        0x8 f:/installed_sw/7.0/toolchain/arm/arm-gnu-toolchain/bin/../lib/gcc/arm-none-eabi/6.3.1/thumb/v8-m.base/crtn.o
                0x00003b1c                . = ALIGN (0x4)
                0x00003b1c                __preinit_array_start = .
 *(.preinit_array)
                0x00003b1c                __preinit_array_end = .
                0x00003b1c                . = ALIGN (0x4)
                0x00003b1c                __init_array_start = .
 *(SORT(.init_array.*))
 *(.init_array)
 .init_array    0x00003b1c        0x4 f:/installed_sw/7.0/toolchain/arm/arm-gnu-toolchain/bin/../lib/gcc/arm-none-eabi/6.3.1/thumb/v8-m.base/crtbegin.o
                0x00003b20                __init_array_end = .
                0x00003b20                . = ALIGN (0x4)
 *crtbegin.o(.ctors)
 *(EXCLUDE_FILE(*crtend.o) .ctors)
 *(SORT(.ctors.*))
 *crtend.o(.ctors)
                0x00003b20                . = ALIGN (0x4)
 *(.fini)
 .fini          0x00003b20        0x4 f:/installed_sw/7.0/toolchain/arm/arm-gnu-toolchain/bin/../lib/gcc/arm-none-eabi/6.3.1/thumb/v8-m.base/crti.o
                0x00003b20                _fini
 .fini          0x00003b24        0x8 f:/installed_sw/7.0/toolchain/arm/arm-gnu-toolchain/bin/../lib/gcc/arm-none-eabi/6.3.1/thumb/v8-m.base/crtn.o
                0x00003b2c                . = ALIGN (0x4)
                0x00003b2c                __fini_array_start = .
 *(.fini_array)
 .fini_array    0x00003b2c        0x4 f:/installed_sw/7.0/toolchain/arm/arm-gnu-toolchain/bin/../lib/gcc/arm-none-eabi/6.3.1/thumb/v8-m.base/crtbegin.o
 *(SORT(.fini_array.*))
                0x00003b30                __fini_array_end = .
 *crtbegin.o(.dtors)
 *(EXCLUDE_FILE(*crtend.o) .dtors)
 *(SORT(.dtors.*))
 *crtend.o(.dtors)
                0x00003b30                . = ALIGN (0x4)
                0x00003b30                _efixed = .
                [!provide]                PROVIDE (__exidx_start, .)

.vfp11_veneer   0x00003b30        0x0
 .vfp11_veneer  0x00003b30        0x0 linker stubs

.v4_bx          0x00003b30        0x0
 .v4_bx         0x00003b30        0x0 linker stubs

.iplt           0x00003b30        0x0
 .iplt          0x00003b30        0x0 f:/installed_sw/7.0/toolchain/arm/arm-gnu-toolchain/bin/../lib/gcc/arm-none-eabi/6.3.1/thumb/v8-m.base/crtbegin.o

.rel.dyn        0x00003b30        0x0
 .rel.iplt      0x00003b30        0x0 f:/installed_sw/7.0/toolchain/arm/arm-gnu-toolchain/bin/../lib/gcc/arm-none-eabi/6.3.1/thumb/v8-m.base/crtbegin.o

.ARM.exidx
 *(.ARM.exidx* .gnu.linkonce.armexidx.*)
                [!provide]                PROVIDE (__exidx_end, .)
                0x00003b30                . = ALIGN (0x4)
                0x00003b30                _etext = .
                0x00003b30                . = ALIGN (0x4)

.gnu.sgstubs    0x0000fb00       0x20
                0x0000fb00                _ssgstubs = .
 .gnu.sgstubs.__stub
                0x0000fb00       0x10 linker stubs
                0x0000fb00                nsc_ext_irq_init
                0x0000fb08                nsc_periph_clock_init

.relocate       0x20000000       0x30 load address 0x00003b30
                0x20000000                . = ALIGN (0x4)
                0x20000000                _srelocate = .
 *(.ramfunc .ramfunc.*)
 *(.data .data.*)
 .data          0x20000000       0x30 main.o
                0x20000000                CRYPTO_AUTHENTICATION_INTERFACE_0_desc
                0x20000030                . = ALIGN (0x4)
                0x20000030                _erelocate = .

.bss            0x20000030      0x168 load address 0x00003b60
                0x20000030                . = ALIGN (0x4)
                0x20000030                _sbss = .
                0x20000030                _szero = .
 *(.bss .bss.*)
 .bss           0x20000030       0x1c f:/installed_sw/7.0/toolchain/arm/arm-gnu-toolchain/bin/../lib/gcc/arm-none-eabi/6.3.1/thumb/v8-m.base/crtbegin.o
 .bss           0x2000004c        0x4 cryptoauthlib/lib/basic/atca_basic.o
                0x2000004c                _gDevice
 .bss           0x20000050       0xf0 cryptoauthlib/lib/hal/hal_sam_i2c_start.o
 .bss           0x20000140        0x4 hal/src/hal_delay.o
 *(COMMON)
 COMMON         0x20000144       0x34 cryptoauthlib/lib/basic/atca_basic.o
                0x20000144                g_atcab_device
                0x2000014c                g_atcab_iface
                0x20000174                g_atcab_command
 COMMON         0x20000178       0x20 driver_init.o
                0x20000178                Interface
                0x20000198                . = ALIGN (0x4)
                0x20000198                _ebss = .
                0x20000198                _ezero = .

.heap           0x20000198      0x200 load address 0x00003cc8
                0x20000198                . = ALIGN (0x8)
                0x20000198                _sheap = .
                0x20000398                . = (. + HEAP_SIZE)
 *fill*         0x20000198      0x200 
                0x20000398                . = ALIGN (0x8)
                0x20000398                _eheap = .

.stack          0x20000398      0x400 load address 0x00003ec8
                0x20000398                . = ALIGN (0x8)
                0x20000398                _sstack = .
                0x20000798                . = (. + STACK_SIZE)
 *fill*         0x20000398      0x400 
                0x20000798                . = ALIGN (0x8)
                0x20000798                _estack = .
                0x20000798                . = ALIGN (0x4)
                0x20000798                _end = .
                0x20003f7f                _ram_end_ = ((ORIGIN (ram) + LENGTH (ram)) - 0x1)

.userRowBlock   0x00804000       0x20
 *(.userrowsec)
 .userrowsec    0x00804000       0x20 trustzone/trustzone_manager.o
                0x00804000                nvm_user_row
OUTPUT(Sw_test.elf elf32-littlearm)

.eh_frame       0x00804020        0x0
 .eh_frame      0x00804020        0x0 f:/installed_sw/7.0/toolchain/arm/arm-gnu-toolchain/bin/../lib/gcc/arm-none-eabi/6.3.1/thumb/v8-m.base/crtbegin.o

.jcr            0x00804020        0x0
 .jcr           0x00804020        0x0 f:/installed_sw/7.0/toolchain/arm/arm-gnu-toolchain/bin/../lib/gcc/arm-none-eabi/6.3.1/thumb/v8-m.base/crtbegin.o

.igot.plt       0x00003b30        0x0 load address 0x00804020
 .igot.plt      0x00003b30        0x0 f:/installed_sw/7.0/toolchain/arm/arm-gnu-toolchain/bin/../lib/gcc/arm-none-eabi/6.3.1/thumb/v8-m.base/crtbegin.o

.ARM.attributes
                0x00000000       0x2c
 .ARM.attributes
                0x00000000       0x22 f:/installed_sw/7.0/toolchain/arm/arm-gnu-toolchain/bin/../lib/gcc/arm-none-eabi/6.3.1/thumb/v8-m.base/crti.o
 .ARM.attributes
                0x00000022       0x30 f:/installed_sw/7.0/toolchain/arm/arm-gnu-toolchain/bin/../lib/gcc/arm-none-eabi/6.3.1/thumb/v8-m.base/crtbegin.o
 .ARM.attributes
                0x00000052       0x32 cryptoauthlib/lib/atca_command.o
 .ARM.attributes
                0x00000084       0x32 cryptoauthlib/lib/atca_device.o
 .ARM.attributes
                0x000000b6       0x32 cryptoauthlib/lib/atca_execution.o
 .ARM.attributes
                0x000000e8       0x32 cryptoauthlib/lib/atca_iface.o
 .ARM.attributes
                0x0000011a       0x32 cryptoauthlib/lib/basic/atca_basic.o
 .ARM.attributes
                0x0000014c       0x32 cryptoauthlib/lib/basic/atca_basic_random.o
 .ARM.attributes
                0x0000017e       0x32 cryptoauthlib/lib/basic/atca_basic_read.o
 .ARM.attributes
                0x000001b0       0x32 cryptoauthlib/lib/basic/atca_basic_sha.o
 .ARM.attributes
                0x000001e2       0x32 cryptoauthlib/lib/hal/atca_hal.o
 .ARM.attributes
                0x00000214       0x32 cryptoauthlib/lib/hal/hal_sam_i2c_start.o
 .ARM.attributes
                0x00000246       0x32 cryptoauthlib/lib/hal/hal_sam_timer_start.o
 .ARM.attributes
                0x00000278       0x32 Device_Startup/startup_saml11e16a.o
 .ARM.attributes
                0x000002aa       0x32 driver_init.o
 .ARM.attributes
                0x000002dc       0x32 hal/src/hal_delay.o
 .ARM.attributes
                0x0000030e       0x32 hal/src/hal_i2c_m_sync.o
 .ARM.attributes
                0x00000340       0x32 hal/utils/src/utils_assert.o
 .ARM.attributes
                0x00000372       0x32 hpl/core/hpl_core_m23_base.o
 .ARM.attributes
                0x000003a4       0x32 hpl/core/hpl_init.o
 .ARM.attributes
                0x000003d6       0x32 hpl/gclk/hpl_gclk.o
 .ARM.attributes
                0x00000408       0x32 hpl/mclk/hpl_mclk.o
 .ARM.attributes
                0x0000043a       0x32 hpl/osc32kctrl/hpl_osc32kctrl.o
 .ARM.attributes
                0x0000046c       0x32 hpl/oscctrl/hpl_oscctrl.o
 .ARM.attributes
                0x0000049e       0x32 hpl/pm/hpl_pm.o
 .ARM.attributes
                0x000004d0       0x32 hpl/sercom/hpl_sercom.o
 .ARM.attributes
                0x00000502       0x32 main.o
 .ARM.attributes
                0x00000534       0x32 trustzone/trustzone_manager.o
 .ARM.attributes
                0x00000566       0x32 trustzone/trustzone_veneer.o
 .ARM.attributes
                0x00000598       0x30 f:/installed_sw/7.0/toolchain/arm/arm-gnu-toolchain/bin/../lib/gcc/arm-none-eabi/6.3.1/thumb/v8-m.base\libgcc.a(_fixunsdfsi.o)
 .ARM.attributes
                0x000005c8       0x30 f:/installed_sw/7.0/toolchain/arm/arm-gnu-toolchain/bin/../lib/gcc/arm-none-eabi/6.3.1/thumb/v8-m.base\libgcc.a(divdf3.o)
 .ARM.attributes
                0x000005f8       0x30 f:/installed_sw/7.0/toolchain/arm/arm-gnu-toolchain/bin/../lib/gcc/arm-none-eabi/6.3.1/thumb/v8-m.base\libgcc.a(muldf3.o)
 .ARM.attributes
                0x00000628       0x30 f:/installed_sw/7.0/toolchain/arm/arm-gnu-toolchain/bin/../lib/gcc/arm-none-eabi/6.3.1/thumb/v8-m.base\libgcc.a(subdf3.o)
 .ARM.attributes
                0x00000658       0x30 f:/installed_sw/7.0/toolchain/arm/arm-gnu-toolchain/bin/../lib/gcc/arm-none-eabi/6.3.1/thumb/v8-m.base\libgcc.a(fixdfsi.o)
 .ARM.attributes
                0x00000688       0x30 f:/installed_sw/7.0/toolchain/arm/arm-gnu-toolchain/bin/../lib/gcc/arm-none-eabi/6.3.1/thumb/v8-m.base\libgcc.a(floatsidf.o)
 .ARM.attributes
                0x000006b8       0x30 f:/installed_sw/7.0/toolchain/arm/arm-gnu-toolchain/bin/../lib/gcc/arm-none-eabi/6.3.1/thumb/v8-m.base\libgcc.a(floatunsidf.o)
 .ARM.attributes
                0x000006e8       0x22 f:/installed_sw/7.0/toolchain/arm/arm-gnu-toolchain/bin/../lib/gcc/arm-none-eabi/6.3.1/thumb/v8-m.base\libgcc.a(_arm_cmpdf2.o)
 .ARM.attributes
                0x0000070a       0x22 f:/installed_sw/7.0/toolchain/arm/arm-gnu-toolchain/bin/../lib/gcc/arm-none-eabi/6.3.1/thumb/v8-m.base\libgcc.a(_clzsi2.o)
 .ARM.attributes
                0x0000072c       0x30 f:/installed_sw/7.0/toolchain/arm/arm-gnu-toolchain/bin/../lib/gcc/arm-none-eabi/6.3.1/thumb/v8-m.base\libgcc.a(eqdf2.o)
 .ARM.attributes
                0x0000075c       0x30 f:/installed_sw/7.0/toolchain/arm/arm-gnu-toolchain/bin/../lib/gcc/arm-none-eabi/6.3.1/thumb/v8-m.base\libgcc.a(gedf2.o)
 .ARM.attributes
                0x0000078c       0x30 f:/installed_sw/7.0/toolchain/arm/arm-gnu-toolchain/bin/../lib/gcc/arm-none-eabi/6.3.1/thumb/v8-m.base\libgcc.a(ledf2.o)
 .ARM.attributes
                0x000007bc       0x30 f:/installed_sw/7.0/toolchain/arm/arm-gnu-toolchain/bin/../lib/gcc/arm-none-eabi/6.3.1/../../../../arm-none-eabi/lib/thumb/v8-m.base\libc_nano.a(lib_a-init.o)
 .ARM.attributes
                0x000007ec       0x30 f:/installed_sw/7.0/toolchain/arm/arm-gnu-toolchain/bin/../lib/gcc/arm-none-eabi/6.3.1/../../../../arm-none-eabi/lib/thumb/v8-m.base\libc_nano.a(lib_a-memcmp.o)
 .ARM.attributes
                0x0000081c       0x30 f:/installed_sw/7.0/toolchain/arm/arm-gnu-toolchain/bin/../lib/gcc/arm-none-eabi/6.3.1/../../../../arm-none-eabi/lib/thumb/v8-m.base\libc_nano.a(lib_a-memcpy-stub.o)
 .ARM.attributes
                0x0000084c       0x30 f:/installed_sw/7.0/toolchain/arm/arm-gnu-toolchain/bin/../lib/gcc/arm-none-eabi/6.3.1/../../../../arm-none-eabi/lib/thumb/v8-m.base\libc_nano.a(lib_a-memset.o)
 .ARM.attributes
                0x0000087c       0x22 f:/installed_sw/7.0/toolchain/arm/arm-gnu-toolchain/bin/../lib/gcc/arm-none-eabi/6.3.1/thumb/v8-m.base/crtn.o

.comment        0x00000000       0x59
 .comment       0x00000000       0x59 cryptoauthlib/lib/atca_command.o
                                 0x5a (size before relaxing)
 .comment       0x00000059       0x5a cryptoauthlib/lib/atca_device.o
 .comment       0x00000059       0x5a cryptoauthlib/lib/atca_execution.o
 .comment       0x00000059       0x5a cryptoauthlib/lib/atca_iface.o
 .comment       0x00000059       0x5a cryptoauthlib/lib/basic/atca_basic.o
 .comment       0x00000059       0x5a cryptoauthlib/lib/basic/atca_basic_random.o
 .comment       0x00000059       0x5a cryptoauthlib/lib/basic/atca_basic_read.o
 .comment       0x00000059       0x5a cryptoauthlib/lib/basic/atca_basic_sha.o
 .comment       0x00000059       0x5a cryptoauthlib/lib/hal/atca_hal.o
 .comment       0x00000059       0x5a cryptoauthlib/lib/hal/hal_sam_i2c_start.o
 .comment       0x00000059       0x5a cryptoauthlib/lib/hal/hal_sam_timer_start.o
 .comment       0x00000059       0x5a Device_Startup/startup_saml11e16a.o
 .comment       0x00000059       0x5a driver_init.o
 .comment       0x00000059       0x5a hal/src/hal_delay.o
 .comment       0x00000059       0x5a hal/src/hal_i2c_m_sync.o
 .comment       0x00000059       0x5a hal/utils/src/utils_assert.o
 .comment       0x00000059       0x5a hpl/core/hpl_core_m23_base.o
 .comment       0x00000059       0x5a hpl/core/hpl_init.o
 .comment       0x00000059       0x5a hpl/gclk/hpl_gclk.o
 .comment       0x00000059       0x5a hpl/mclk/hpl_mclk.o
 .comment       0x00000059       0x5a hpl/osc32kctrl/hpl_osc32kctrl.o
 .comment       0x00000059       0x5a hpl/oscctrl/hpl_oscctrl.o
 .comment       0x00000059       0x5a hpl/pm/hpl_pm.o
 .comment       0x00000059       0x5a hpl/sercom/hpl_sercom.o
 .comment       0x00000059       0x5a main.o
 .comment       0x00000059       0x5a trustzone/trustzone_manager.o
 .comment       0x00000059       0x5a trustzone/trustzone_veneer.o

.debug_info     0x00000000    0x25183
 .debug_info    0x00000000     0x16d5 cryptoauthlib/lib/atca_command.o
 .debug_info    0x000016d5     0x1218 cryptoauthlib/lib/atca_device.o
 .debug_info    0x000028ed     0x12f0 cryptoauthlib/lib/atca_execution.o
 .debug_info    0x00003bdd     0x135a cryptoauthlib/lib/atca_iface.o
 .debug_info    0x00004f37     0x152b cryptoauthlib/lib/basic/atca_basic.o
 .debug_info    0x00006462     0x1164 cryptoauthlib/lib/basic/atca_basic_random.o
 .debug_info    0x000075c6     0x1efa cryptoauthlib/lib/basic/atca_basic_read.o
 .debug_info    0x000094c0     0x1ac8 cryptoauthlib/lib/basic/atca_basic_sha.o
 .debug_info    0x0000af88     0x1228 cryptoauthlib/lib/hal/atca_hal.o
 .debug_info    0x0000c1b0     0x187c cryptoauthlib/lib/hal/hal_sam_i2c_start.o
 .debug_info    0x0000da2c      0x171 cryptoauthlib/lib/hal/hal_sam_timer_start.o
 .debug_info    0x0000db9d      0x5f4 Device_Startup/startup_saml11e16a.o
 .debug_info    0x0000e191     0x3a5c driver_init.o
 .debug_info    0x00011bed      0x1dc hal/src/hal_delay.o
 .debug_info    0x00011dc9      0x878 hal/src/hal_i2c_m_sync.o
 .debug_info    0x00012641      0x107 hal/utils/src/utils_assert.o
 .debug_info    0x00012748      0x8db hpl/core/hpl_core_m23_base.o
 .debug_info    0x00013023      0xc29 hpl/core/hpl_init.o
 .debug_info    0x00013c4c      0x531 hpl/gclk/hpl_gclk.o
 .debug_info    0x0001417d      0x6fa hpl/mclk/hpl_mclk.o
 .debug_info    0x00014877      0x6d5 hpl/osc32kctrl/hpl_osc32kctrl.o
 .debug_info    0x00014f4c      0xf09 hpl/oscctrl/hpl_oscctrl.o
 .debug_info    0x00015e55      0x781 hpl/pm/hpl_pm.o
 .debug_info    0x000165d6     0xb4b3 hpl/sercom/hpl_sercom.o
 .debug_info    0x00021a89     0x1392 main.o
 .debug_info    0x00022e1b       0xbe trustzone/trustzone_manager.o
 .debug_info    0x00022ed9     0x22aa trustzone/trustzone_veneer.o

.debug_abbrev   0x00000000     0x3c77
 .debug_abbrev  0x00000000      0x30f cryptoauthlib/lib/atca_command.o
 .debug_abbrev  0x0000030f      0x26c cryptoauthlib/lib/atca_device.o
 .debug_abbrev  0x0000057b      0x25c cryptoauthlib/lib/atca_execution.o
 .debug_abbrev  0x000007d7      0x26d cryptoauthlib/lib/atca_iface.o
 .debug_abbrev  0x00000a44      0x30e cryptoauthlib/lib/basic/atca_basic.o
 .debug_abbrev  0x00000d52      0x224 cryptoauthlib/lib/basic/atca_basic_random.o
 .debug_abbrev  0x00000f76      0x31f cryptoauthlib/lib/basic/atca_basic_read.o
 .debug_abbrev  0x00001295      0x2d2 cryptoauthlib/lib/basic/atca_basic_sha.o
 .debug_abbrev  0x00001567      0x265 cryptoauthlib/lib/hal/atca_hal.o
 .debug_abbrev  0x000017cc      0x2e4 cryptoauthlib/lib/hal/hal_sam_i2c_start.o
 .debug_abbrev  0x00001ab0       0x9f cryptoauthlib/lib/hal/hal_sam_timer_start.o
 .debug_abbrev  0x00001b4f      0x14f Device_Startup/startup_saml11e16a.o
 .debug_abbrev  0x00001c9e      0x30e driver_init.o
 .debug_abbrev  0x00001fac       0xe1 hal/src/hal_delay.o
 .debug_abbrev  0x0000208d      0x1a6 hal/src/hal_i2c_m_sync.o
 .debug_abbrev  0x00002233       0x86 hal/utils/src/utils_assert.o
 .debug_abbrev  0x000022b9      0x2a8 hpl/core/hpl_core_m23_base.o
 .debug_abbrev  0x00002561      0x1d9 hpl/core/hpl_init.o
 .debug_abbrev  0x0000273a      0x184 hpl/gclk/hpl_gclk.o
 .debug_abbrev  0x000028be      0x197 hpl/mclk/hpl_mclk.o
 .debug_abbrev  0x00002a55      0x1e3 hpl/osc32kctrl/hpl_osc32kctrl.o
 .debug_abbrev  0x00002c38      0x1ed hpl/oscctrl/hpl_oscctrl.o
 .debug_abbrev  0x00002e25      0x23f hpl/pm/hpl_pm.o
 .debug_abbrev  0x00003064      0x5c0 hpl/sercom/hpl_sercom.o
 .debug_abbrev  0x00003624      0x26a main.o
 .debug_abbrev  0x0000388e       0x71 trustzone/trustzone_manager.o
 .debug_abbrev  0x000038ff      0x378 trustzone/trustzone_veneer.o

.debug_loc      0x00000000     0xdac9
 .debug_loc     0x00000000      0xfc2 cryptoauthlib/lib/atca_command.o
 .debug_loc     0x00000fc2      0x2f4 cryptoauthlib/lib/atca_device.o
 .debug_loc     0x000012b6      0x2e4 cryptoauthlib/lib/atca_execution.o
 .debug_loc     0x0000159a      0x449 cryptoauthlib/lib/atca_iface.o
 .debug_loc     0x000019e3      0x509 cryptoauthlib/lib/basic/atca_basic.o
 .debug_loc     0x00001eec       0xce cryptoauthlib/lib/basic/atca_basic_random.o
 .debug_loc     0x00001fba      0xfe5 cryptoauthlib/lib/basic/atca_basic_read.o
 .debug_loc     0x00002f9f      0xe0b cryptoauthlib/lib/basic/atca_basic_sha.o
 .debug_loc     0x00003daa      0x1c3 cryptoauthlib/lib/hal/atca_hal.o
 .debug_loc     0x00003f6d      0x64c cryptoauthlib/lib/hal/hal_sam_i2c_start.o
 .debug_loc     0x000045b9       0xc3 cryptoauthlib/lib/hal/hal_sam_timer_start.o
 .debug_loc     0x0000467c       0x40 Device_Startup/startup_saml11e16a.o
 .debug_loc     0x000046bc      0x2ac driver_init.o
 .debug_loc     0x00004968       0xc3 hal/src/hal_delay.o
 .debug_loc     0x00004a2b      0x6df hal/src/hal_i2c_m_sync.o
 .debug_loc     0x0000510a      0x1e3 hpl/core/hpl_core_m23_base.o
 .debug_loc     0x000052ed       0x4c hpl/core/hpl_init.o
 .debug_loc     0x00005339       0x71 hpl/gclk/hpl_gclk.o
 .debug_loc     0x000053aa       0x2c hpl/mclk/hpl_mclk.o
 .debug_loc     0x000053d6       0x94 hpl/osc32kctrl/hpl_osc32kctrl.o
 .debug_loc     0x0000546a       0x30 hpl/oscctrl/hpl_oscctrl.o
 .debug_loc     0x0000549a      0x192 hpl/pm/hpl_pm.o
 .debug_loc     0x0000562c     0x80ee hpl/sercom/hpl_sercom.o
 .debug_loc     0x0000d71a       0xa4 main.o
 .debug_loc     0x0000d7be      0x30b trustzone/trustzone_veneer.o

.debug_aranges  0x00000000      0xc38
 .debug_aranges
                0x00000000      0x120 cryptoauthlib/lib/atca_command.o
 .debug_aranges
                0x00000120       0x48 cryptoauthlib/lib/atca_device.o
 .debug_aranges
                0x00000168       0x28 cryptoauthlib/lib/atca_execution.o
 .debug_aranges
                0x00000190       0x70 cryptoauthlib/lib/atca_iface.o
 .debug_aranges
                0x00000200       0x80 cryptoauthlib/lib/basic/atca_basic.o
 .debug_aranges
                0x00000280       0x20 cryptoauthlib/lib/basic/atca_basic_random.o
 .debug_aranges
                0x000002a0       0x68 cryptoauthlib/lib/basic/atca_basic_read.o
 .debug_aranges
                0x00000308       0x90 cryptoauthlib/lib/basic/atca_basic_sha.o
 .debug_aranges
                0x00000398       0x30 cryptoauthlib/lib/hal/atca_hal.o
 .debug_aranges
                0x000003c8       0x60 cryptoauthlib/lib/hal/hal_sam_i2c_start.o
 .debug_aranges
                0x00000428       0x30 cryptoauthlib/lib/hal/hal_sam_timer_start.o
 .debug_aranges
                0x00000458       0x28 Device_Startup/startup_saml11e16a.o
 .debug_aranges
                0x00000480       0x38 driver_init.o
 .debug_aranges
                0x000004b8       0x38 hal/src/hal_delay.o
 .debug_aranges
                0x000004f0       0x88 hal/src/hal_i2c_m_sync.o
 .debug_aranges
                0x00000578       0x20 hal/utils/src/utils_assert.o
 .debug_aranges
                0x00000598       0x80 hpl/core/hpl_core_m23_base.o
 .debug_aranges
                0x00000618       0x20 hpl/core/hpl_init.o
 .debug_aranges
                0x00000638       0x28 hpl/gclk/hpl_gclk.o
 .debug_aranges
                0x00000660       0x20 hpl/mclk/hpl_mclk.o
 .debug_aranges
                0x00000680       0x20 hpl/osc32kctrl/hpl_osc32kctrl.o
 .debug_aranges
                0x000006a0       0x28 hpl/oscctrl/hpl_oscctrl.o
 .debug_aranges
                0x000006c8       0x30 hpl/pm/hpl_pm.o
 .debug_aranges
                0x000006f8      0x4d8 hpl/sercom/hpl_sercom.o
 .debug_aranges
                0x00000bd0       0x28 main.o
 .debug_aranges
                0x00000bf8       0x18 trustzone/trustzone_manager.o
 .debug_aranges
                0x00000c10       0x28 trustzone/trustzone_veneer.o

.debug_ranges   0x00000000     0x1088
 .debug_ranges  0x00000000      0x110 cryptoauthlib/lib/atca_command.o
 .debug_ranges  0x00000110       0x38 cryptoauthlib/lib/atca_device.o
 .debug_ranges  0x00000148       0x18 cryptoauthlib/lib/atca_execution.o
 .debug_ranges  0x00000160       0x60 cryptoauthlib/lib/atca_iface.o
 .debug_ranges  0x000001c0       0x70 cryptoauthlib/lib/basic/atca_basic.o
 .debug_ranges  0x00000230       0x10 cryptoauthlib/lib/basic/atca_basic_random.o
 .debug_ranges  0x00000240       0x58 cryptoauthlib/lib/basic/atca_basic_read.o
 .debug_ranges  0x00000298       0x80 cryptoauthlib/lib/basic/atca_basic_sha.o
 .debug_ranges  0x00000318       0x20 cryptoauthlib/lib/hal/atca_hal.o
 .debug_ranges  0x00000338       0x50 cryptoauthlib/lib/hal/hal_sam_i2c_start.o
 .debug_ranges  0x00000388       0x20 cryptoauthlib/lib/hal/hal_sam_timer_start.o
 .debug_ranges  0x000003a8       0x18 Device_Startup/startup_saml11e16a.o
 .debug_ranges  0x000003c0       0x28 driver_init.o
 .debug_ranges  0x000003e8       0x28 hal/src/hal_delay.o
 .debug_ranges  0x00000410       0x78 hal/src/hal_i2c_m_sync.o
 .debug_ranges  0x00000488       0x10 hal/utils/src/utils_assert.o
 .debug_ranges  0x00000498       0x70 hpl/core/hpl_core_m23_base.o
 .debug_ranges  0x00000508       0x10 hpl/core/hpl_init.o
 .debug_ranges  0x00000518       0x18 hpl/gclk/hpl_gclk.o
 .debug_ranges  0x00000530       0x10 hpl/mclk/hpl_mclk.o
 .debug_ranges  0x00000540       0x10 hpl/osc32kctrl/hpl_osc32kctrl.o
 .debug_ranges  0x00000550       0x30 hpl/oscctrl/hpl_oscctrl.o
 .debug_ranges  0x00000580       0x20 hpl/pm/hpl_pm.o
 .debug_ranges  0x000005a0      0xab8 hpl/sercom/hpl_sercom.o
 .debug_ranges  0x00001058       0x18 main.o
 .debug_ranges  0x00001070       0x18 trustzone/trustzone_veneer.o

.debug_macro    0x00000000     0x7bd6
 .debug_macro   0x00000000      0x186 cryptoauthlib/lib/atca_command.o
 .debug_macro   0x00000186      0x179 cryptoauthlib/lib/atca_device.o
 .debug_macro   0x000002ff      0x1c5 cryptoauthlib/lib/atca_execution.o
 .debug_macro   0x000004c4      0x190 cryptoauthlib/lib/atca_iface.o
 .debug_macro   0x00000654      0x2a3 cryptoauthlib/lib/basic/atca_basic.o
 .debug_macro   0x000008f7       0x82 cryptoauthlib/lib/basic/atca_basic.o
 .debug_macro   0x00000979      0x29d cryptoauthlib/lib/basic/atca_basic_random.o
 .debug_macro   0x00000c16      0x2a6 cryptoauthlib/lib/basic/atca_basic_read.o
 .debug_macro   0x00000ebc      0x29d cryptoauthlib/lib/basic/atca_basic_sha.o
 .debug_macro   0x00001159      0x294 cryptoauthlib/lib/hal/atca_hal.o
 .debug_macro   0x000013ed      0x800 cryptoauthlib/lib/hal/hal_sam_i2c_start.o
 .debug_macro   0x00001bed      0x4e7 cryptoauthlib/lib/hal/hal_sam_timer_start.o
 .debug_macro   0x000020d4      0x324 Device_Startup/startup_saml11e16a.o
 .debug_macro   0x000023f8       0xd8 Device_Startup/startup_saml11e16a.o
 .debug_macro   0x000024d0      0x533 driver_init.o
 .debug_macro   0x00002a03       0x28 driver_init.o
 .debug_macro   0x00002a2b       0xc9 driver_init.o
 .debug_macro   0x00002af4      0x49c hal/src/hal_delay.o
 .debug_macro   0x00002f90      0x4a5 hal/src/hal_i2c_m_sync.o
 .debug_macro   0x00003435       0x6a hal/src/hal_i2c_m_sync.o
 .debug_macro   0x0000349f      0x473 hal/utils/src/utils_assert.o
 .debug_macro   0x00003912       0x10 hal/utils/src/utils_assert.o
 .debug_macro   0x00003922      0x4c1 hpl/core/hpl_core_m23_base.o
 .debug_macro   0x00003de3      0x4df hpl/core/hpl_init.o
 .debug_macro   0x000042c2       0x22 hpl/core/hpl_init.o
 .debug_macro   0x000042e4      0x3f2 hpl/core/hpl_init.o
 .debug_macro   0x000046d6      0x486 hpl/gclk/hpl_gclk.o
 .debug_macro   0x00004b5c      0x137 hpl/gclk/hpl_gclk.o
 .debug_macro   0x00004c93      0x47c hpl/mclk/hpl_mclk.o
 .debug_macro   0x0000510f      0x477 hpl/osc32kctrl/hpl_osc32kctrl.o
 .debug_macro   0x00005586       0x80 hpl/osc32kctrl/hpl_osc32kctrl.o
 .debug_macro   0x00005606      0x48f hpl/oscctrl/hpl_oscctrl.o
 .debug_macro   0x00005a95      0x145 hpl/oscctrl/hpl_oscctrl.o
 .debug_macro   0x00005bda      0x482 hpl/pm/hpl_pm.o
 .debug_macro   0x0000605c      0x6bb hpl/sercom/hpl_sercom.o
 .debug_macro   0x00006717       0x5f hpl/sercom/hpl_sercom.o
 .debug_macro   0x00006776       0x10 hpl/sercom/hpl_sercom.o
 .debug_macro   0x00006786       0x1c hpl/sercom/hpl_sercom.o
 .debug_macro   0x000067a2       0x22 hpl/sercom/hpl_sercom.o
 .debug_macro   0x000067c4       0x10 hpl/sercom/hpl_sercom.o
 .debug_macro   0x000067d4      0x7b5 main.o
 .debug_macro   0x00006f89      0x48f trustzone/trustzone_manager.o
 .debug_macro   0x00007418      0x7be trustzone/trustzone_veneer.o

.debug_line     0x00000000     0xffbc
 .debug_line    0x00000000      0x671 cryptoauthlib/lib/atca_command.o
 .debug_line    0x00000671      0x3c6 cryptoauthlib/lib/atca_device.o
 .debug_line    0x00000a37      0x405 cryptoauthlib/lib/atca_execution.o
 .debug_line    0x00000e3c      0x432 cryptoauthlib/lib/atca_iface.o
 .debug_line    0x0000126e      0x66c cryptoauthlib/lib/basic/atca_basic.o
 .debug_line    0x000018da      0x4de cryptoauthlib/lib/basic/atca_basic_random.o
 .debug_line    0x00001db8      0x6b9 cryptoauthlib/lib/basic/atca_basic_read.o
 .debug_line    0x00002471      0x670 cryptoauthlib/lib/basic/atca_basic_sha.o
 .debug_line    0x00002ae1      0x50f cryptoauthlib/lib/hal/atca_hal.o
 .debug_line    0x00002ff0      0xe24 cryptoauthlib/lib/hal/hal_sam_i2c_start.o
 .debug_line    0x00003e14      0x9aa cryptoauthlib/lib/hal/hal_sam_timer_start.o
 .debug_line    0x000047be      0x64c Device_Startup/startup_saml11e16a.o
 .debug_line    0x00004e0a      0xa51 driver_init.o
 .debug_line    0x0000585b      0x904 hal/src/hal_delay.o
 .debug_line    0x0000615f      0x9f2 hal/src/hal_i2c_m_sync.o
 .debug_line    0x00006b51      0x8a1 hal/utils/src/utils_assert.o
 .debug_line    0x000073f2      0xa74 hpl/core/hpl_core_m23_base.o
 .debug_line    0x00007e66      0x96c hpl/core/hpl_init.o
 .debug_line    0x000087d2      0x8f2 hpl/gclk/hpl_gclk.o
 .debug_line    0x000090c4      0x8c9 hpl/mclk/hpl_mclk.o
 .debug_line    0x0000998d      0x8de hpl/osc32kctrl/hpl_osc32kctrl.o
 .debug_line    0x0000a26b      0x92d hpl/oscctrl/hpl_oscctrl.o
 .debug_line    0x0000ab98      0x913 hpl/pm/hpl_pm.o
 .debug_line    0x0000b4ab     0x27e0 hpl/sercom/hpl_sercom.o
 .debug_line    0x0000dc8b      0xd09 main.o
 .debug_line    0x0000e994      0x8be trustzone/trustzone_manager.o
 .debug_line    0x0000f252      0xd6a trustzone/trustzone_veneer.o

.debug_str      0x00000000    0x953b7
 .debug_str     0x00000000     0xa310 cryptoauthlib/lib/atca_command.o
                               0xa736 (size before relaxing)
 .debug_str     0x0000a310      0x2ca cryptoauthlib/lib/atca_device.o
                               0xa7e8 (size before relaxing)
 .debug_str     0x0000a5da      0x2e5 cryptoauthlib/lib/atca_execution.o
                               0xaa67 (size before relaxing)
 .debug_str     0x0000a8bf       0xac cryptoauthlib/lib/atca_iface.o
                               0xa8b2 (size before relaxing)
 .debug_str     0x0000a96b     0x1920 cryptoauthlib/lib/basic/atca_basic.o
                               0xc107 (size before relaxing)
 .debug_str     0x0000c28b       0x45 cryptoauthlib/lib/basic/atca_basic_random.o
                               0xbd67 (size before relaxing)
 .debug_str     0x0000c2d0      0x2ff cryptoauthlib/lib/basic/atca_basic_read.o
                               0xc34e (size before relaxing)
 .debug_str     0x0000c5cf      0x231 cryptoauthlib/lib/basic/atca_basic_sha.o
                               0xbf85 (size before relaxing)
 .debug_str     0x0000c800       0x76 cryptoauthlib/lib/hal/atca_hal.o
                               0xbd38 (size before relaxing)
 .debug_str     0x0000c876    0x7f464 cryptoauthlib/lib/hal/hal_sam_i2c_start.o
                              0x8b61d (size before relaxing)
 .debug_str     0x0008bcda       0x4d cryptoauthlib/lib/hal/hal_sam_timer_start.o
                              0x8394f (size before relaxing)
 .debug_str     0x0008bd27      0x519 Device_Startup/startup_saml11e16a.o
                              0x7f05a (size before relaxing)
 .debug_str     0x0008c240     0x1362 driver_init.o
                              0x816c6 (size before relaxing)
 .debug_str     0x0008d5a2       0xa4 hal/src/hal_delay.o
                              0x7fbee (size before relaxing)
 .debug_str     0x0008d646      0x170 hal/src/hal_i2c_m_sync.o
                              0x80487 (size before relaxing)
 .debug_str     0x0008d7b6       0x2a hal/utils/src/utils_assert.o
                              0x7fb94 (size before relaxing)
 .debug_str     0x0008d7e0      0x472 hpl/core/hpl_core_m23_base.o
                              0x806da (size before relaxing)
 .debug_str     0x0008dc52     0x1088 hpl/core/hpl_init.o
                              0x80eaa (size before relaxing)
 .debug_str     0x0008ecda      0x581 hpl/gclk/hpl_gclk.o
                              0x80204 (size before relaxing)
 .debug_str     0x0008f25b       0x47 hpl/mclk/hpl_mclk.o
                              0x7fe9f (size before relaxing)
 .debug_str     0x0008f2a2      0x466 hpl/osc32kctrl/hpl_osc32kctrl.o
                              0x7ffeb (size before relaxing)
 .debug_str     0x0008f708      0x8ae hpl/oscctrl/hpl_oscctrl.o
                              0x80648 (size before relaxing)
 .debug_str     0x0008ffb6      0x290 hpl/pm/hpl_pm.o
                              0x7fe46 (size before relaxing)
 .debug_str     0x00090246     0x4b21 hpl/sercom/hpl_sercom.o
                              0x85aa0 (size before relaxing)
 .debug_str     0x00094d67      0x179 main.o
                              0x8b4f4 (size before relaxing)
 .debug_str     0x00094ee0       0x2e trustzone/trustzone_manager.o
                              0x826e1 (size before relaxing)
 .debug_str     0x00094f0e      0x4a9 trustzone/trustzone_veneer.o
                              0x8b951 (size before relaxing)

.debug_frame    0x00000000     0x2198
 .debug_frame   0x00000000      0x320 cryptoauthlib/lib/atca_command.o
 .debug_frame   0x00000320       0x98 cryptoauthlib/lib/atca_device.o
 .debug_frame   0x000003b8       0x4c cryptoauthlib/lib/atca_execution.o
 .debug_frame   0x00000404      0x110 cryptoauthlib/lib/atca_iface.o
 .debug_frame   0x00000514      0x144 cryptoauthlib/lib/basic/atca_basic.o
 .debug_frame   0x00000658       0x30 cryptoauthlib/lib/basic/atca_basic_random.o
 .debug_frame   0x00000688      0x164 cryptoauthlib/lib/basic/atca_basic_read.o
 .debug_frame   0x000007ec      0x1e4 cryptoauthlib/lib/basic/atca_basic_sha.o
 .debug_frame   0x000009d0       0x54 cryptoauthlib/lib/hal/atca_hal.o
 .debug_frame   0x00000a24      0x114 cryptoauthlib/lib/hal/hal_sam_i2c_start.o
 .debug_frame   0x00000b38       0x58 cryptoauthlib/lib/hal/hal_sam_timer_start.o
 .debug_frame   0x00000b90       0x38 Device_Startup/startup_saml11e16a.o
 .debug_frame   0x00000bc8       0x6c driver_init.o
 .debug_frame   0x00000c34       0x68 hal/src/hal_delay.o
 .debug_frame   0x00000c9c      0x164 hal/src/hal_i2c_m_sync.o
 .debug_frame   0x00000e00       0x20 hal/utils/src/utils_assert.o
 .debug_frame   0x00000e20       0xec hpl/core/hpl_core_m23_base.o
 .debug_frame   0x00000f0c       0x28 hpl/core/hpl_init.o
 .debug_frame   0x00000f34       0x30 hpl/gclk/hpl_gclk.o
 .debug_frame   0x00000f64       0x20 hpl/mclk/hpl_mclk.o
 .debug_frame   0x00000f84       0x20 hpl/osc32kctrl/hpl_osc32kctrl.o
 .debug_frame   0x00000fa4       0x30 hpl/oscctrl/hpl_oscctrl.o
 .debug_frame   0x00000fd4       0x40 hpl/pm/hpl_pm.o
 .debug_frame   0x00001014      0xe50 hpl/sercom/hpl_sercom.o
 .debug_frame   0x00001e64       0x48 main.o
 .debug_frame   0x00001eac       0x48 trustzone/trustzone_veneer.o
 .debug_frame   0x00001ef4       0x2c f:/installed_sw/7.0/toolchain/arm/arm-gnu-toolchain/bin/../lib/gcc/arm-none-eabi/6.3.1/thumb/v8-m.base\libgcc.a(_fixunsdfsi.o)
 .debug_frame   0x00001f20       0x3c f:/installed_sw/7.0/toolchain/arm/arm-gnu-toolchain/bin/../lib/gcc/arm-none-eabi/6.3.1/thumb/v8-m.base\libgcc.a(divdf3.o)
 .debug_frame   0x00001f5c       0x3c f:/installed_sw/7.0/toolchain/arm/arm-gnu-toolchain/bin/../lib/gcc/arm-none-eabi/6.3.1/thumb/v8-m.base\libgcc.a(muldf3.o)
 .debug_frame   0x00001f98       0x38 f:/installed_sw/7.0/toolchain/arm/arm-gnu-toolchain/bin/../lib/gcc/arm-none-eabi/6.3.1/thumb/v8-m.base\libgcc.a(subdf3.o)
 .debug_frame   0x00001fd0       0x2c f:/installed_sw/7.0/toolchain/arm/arm-gnu-toolchain/bin/../lib/gcc/arm-none-eabi/6.3.1/thumb/v8-m.base\libgcc.a(fixdfsi.o)
 .debug_frame   0x00001ffc       0x2c f:/installed_sw/7.0/toolchain/arm/arm-gnu-toolchain/bin/../lib/gcc/arm-none-eabi/6.3.1/thumb/v8-m.base\libgcc.a(floatsidf.o)
 .debug_frame   0x00002028       0x28 f:/installed_sw/7.0/toolchain/arm/arm-gnu-toolchain/bin/../lib/gcc/arm-none-eabi/6.3.1/thumb/v8-m.base\libgcc.a(floatunsidf.o)
 .debug_frame   0x00002050       0x38 f:/installed_sw/7.0/toolchain/arm/arm-gnu-toolchain/bin/../lib/gcc/arm-none-eabi/6.3.1/thumb/v8-m.base\libgcc.a(eqdf2.o)
 .debug_frame   0x00002088       0x38 f:/installed_sw/7.0/toolchain/arm/arm-gnu-toolchain/bin/../lib/gcc/arm-none-eabi/6.3.1/thumb/v8-m.base\libgcc.a(gedf2.o)
 .debug_frame   0x000020c0       0x38 f:/installed_sw/7.0/toolchain/arm/arm-gnu-toolchain/bin/../lib/gcc/arm-none-eabi/6.3.1/thumb/v8-m.base\libgcc.a(ledf2.o)
 .debug_frame   0x000020f8       0x2c f:/installed_sw/7.0/toolchain/arm/arm-gnu-toolchain/bin/../lib/gcc/arm-none-eabi/6.3.1/../../../../arm-none-eabi/lib/thumb/v8-m.base\libc_nano.a(lib_a-init.o)
 .debug_frame   0x00002124       0x2c f:/installed_sw/7.0/toolchain/arm/arm-gnu-toolchain/bin/../lib/gcc/arm-none-eabi/6.3.1/../../../../arm-none-eabi/lib/thumb/v8-m.base\libc_nano.a(lib_a-memcmp.o)
 .debug_frame   0x00002150       0x28 f:/installed_sw/7.0/toolchain/arm/arm-gnu-toolchain/bin/../lib/gcc/arm-none-eabi/6.3.1/../../../../arm-none-eabi/lib/thumb/v8-m.base\libc_nano.a(lib_a-memcpy-stub.o)
 .debug_frame   0x00002178       0x20 f:/installed_sw/7.0/toolchain/arm/arm-gnu-toolchain/bin/../lib/gcc/arm-none-eabi/6.3.1/../../../../arm-none-eabi/lib/thumb/v8-m.base\libc_nano.a(lib_a-memset.o)
